mode: set
github.com/lightningnetwork/lnd/protofsm/daemon_events.go:54.43,54.44 0 0
github.com/lightningnetwork/lnd/protofsm/daemon_events.go:66.47,66.48 0 0
github.com/lightningnetwork/lnd/protofsm/daemon_events.go:79.40,79.41 0 0
github.com/lightningnetwork/lnd/protofsm/log.go:14.13,16.2 1 1
github.com/lightningnetwork/lnd/protofsm/log.go:20.19,22.2 1 0
github.com/lightningnetwork/lnd/protofsm/log.go:27.38,29.2 1 1
github.com/lightningnetwork/lnd/protofsm/state_machine.go:127.36,138.2 1 1
github.com/lightningnetwork/lnd/protofsm/state_machine.go:142.44,145.2 2 1
github.com/lightningnetwork/lnd/protofsm/state_machine.go:149.43,152.2 2 1
github.com/lightningnetwork/lnd/protofsm/state_machine.go:157.59,158.9 1 1
github.com/lightningnetwork/lnd/protofsm/state_machine.go:159.25,159.25 0 1
github.com/lightningnetwork/lnd/protofsm/state_machine.go:160.16,161.9 1 0
github.com/lightningnetwork/lnd/protofsm/state_machine.go:166.78,171.49 2 1
github.com/lightningnetwork/lnd/protofsm/state_machine.go:171.49,173.3 1 0
github.com/lightningnetwork/lnd/protofsm/state_machine.go:178.2,178.58 1 1
github.com/lightningnetwork/lnd/protofsm/state_machine.go:187.86,195.2 3 1
github.com/lightningnetwork/lnd/protofsm/state_machine.go:199.84,201.2 1 1
github.com/lightningnetwork/lnd/protofsm/state_machine.go:206.80,207.37 1 1
github.com/lightningnetwork/lnd/protofsm/state_machine.go:211.28,212.34 1 1
github.com/lightningnetwork/lnd/protofsm/state_machine.go:212.34,216.18 2 1
github.com/lightningnetwork/lnd/protofsm/state_machine.go:216.18,218.5 1 0
github.com/lightningnetwork/lnd/protofsm/state_machine.go:223.4,223.57 1 1
github.com/lightningnetwork/lnd/protofsm/state_machine.go:223.57,225.15 2 1
github.com/lightningnetwork/lnd/protofsm/state_machine.go:225.15,229.6 2 1
github.com/lightningnetwork/lnd/protofsm/state_machine.go:232.4,232.14 1 1
github.com/lightningnetwork/lnd/protofsm/state_machine.go:237.3,237.37 1 1
github.com/lightningnetwork/lnd/protofsm/state_machine.go:237.37,238.43 1 1
github.com/lightningnetwork/lnd/protofsm/state_machine.go:238.43,240.5 1 0
github.com/lightningnetwork/lnd/protofsm/state_machine.go:246.3,247.13 2 1
github.com/lightningnetwork/lnd/protofsm/state_machine.go:247.13,253.8 4 1
github.com/lightningnetwork/lnd/protofsm/state_machine.go:253.8,254.12 1 1
github.com/lightningnetwork/lnd/protofsm/state_machine.go:255.30,258.37 1 1
github.com/lightningnetwork/lnd/protofsm/state_machine.go:258.37,260.8 1 1
github.com/lightningnetwork/lnd/protofsm/state_machine.go:263.6,263.17 1 1
github.com/lightningnetwork/lnd/protofsm/state_machine.go:263.17,266.7 2 1
github.com/lightningnetwork/lnd/protofsm/state_machine.go:268.19,269.12 1 1
github.com/lightningnetwork/lnd/protofsm/state_machine.go:274.3,274.13 1 1
github.com/lightningnetwork/lnd/protofsm/state_machine.go:278.28,280.17 2 1
github.com/lightningnetwork/lnd/protofsm/state_machine.go:280.17,282.4 1 0
github.com/lightningnetwork/lnd/protofsm/state_machine.go:284.3,284.13 1 1
github.com/lightningnetwork/lnd/protofsm/state_machine.go:288.21,292.17 2 1
github.com/lightningnetwork/lnd/protofsm/state_machine.go:292.17,296.4 1 0
github.com/lightningnetwork/lnd/protofsm/state_machine.go:298.3,298.13 1 1
github.com/lightningnetwork/lnd/protofsm/state_machine.go:301.2,301.54 1 0
github.com/lightningnetwork/lnd/protofsm/state_machine.go:307.91,317.94 3 1
github.com/lightningnetwork/lnd/protofsm/state_machine.go:317.94,318.62 1 1
github.com/lightningnetwork/lnd/protofsm/state_machine.go:318.62,324.18 2 1
github.com/lightningnetwork/lnd/protofsm/state_machine.go:324.18,326.5 1 0
github.com/lightningnetwork/lnd/protofsm/state_machine.go:328.4,329.77 2 1
github.com/lightningnetwork/lnd/protofsm/state_machine.go:329.77,333.87 1 1
github.com/lightningnetwork/lnd/protofsm/state_machine.go:333.87,334.37 1 1
github.com/lightningnetwork/lnd/protofsm/state_machine.go:334.37,336.21 2 1
github.com/lightningnetwork/lnd/protofsm/state_machine.go:336.21,338.8 1 0
github.com/lightningnetwork/lnd/protofsm/state_machine.go:341.6,341.16 1 1
github.com/lightningnetwork/lnd/protofsm/state_machine.go:343.5,343.19 1 1
github.com/lightningnetwork/lnd/protofsm/state_machine.go:343.19,345.6 1 0
github.com/lightningnetwork/lnd/protofsm/state_machine.go:349.5,349.55 1 1
github.com/lightningnetwork/lnd/protofsm/state_machine.go:349.55,351.6 1 1
github.com/lightningnetwork/lnd/protofsm/state_machine.go:353.5,353.15 1 1
github.com/lightningnetwork/lnd/protofsm/state_machine.go:355.4,355.18 1 1
github.com/lightningnetwork/lnd/protofsm/state_machine.go:355.18,357.5 1 0
github.com/lightningnetwork/lnd/protofsm/state_machine.go:361.4,366.14 3 1
github.com/lightningnetwork/lnd/protofsm/state_machine.go:368.3,368.17 1 1
github.com/lightningnetwork/lnd/protofsm/state_machine.go:368.17,370.4 1 0
github.com/lightningnetwork/lnd/protofsm/state_machine.go:373.2,373.26 1 1
github.com/lightningnetwork/lnd/protofsm/state_machine.go:379.51,389.6 4 1
github.com/lightningnetwork/lnd/protofsm/state_machine.go:389.6,390.10 1 1
github.com/lightningnetwork/lnd/protofsm/state_machine.go:394.31,396.18 2 1
github.com/lightningnetwork/lnd/protofsm/state_machine.go:396.18,399.13 2 0
github.com/lightningnetwork/lnd/protofsm/state_machine.go:402.4,407.33 2 1
github.com/lightningnetwork/lnd/protofsm/state_machine.go:407.33,409.19 2 1
github.com/lightningnetwork/lnd/protofsm/state_machine.go:409.19,412.6 1 0
github.com/lightningnetwork/lnd/protofsm/state_machine.go:417.37,418.69 1 1
github.com/lightningnetwork/lnd/protofsm/state_machine.go:418.69,420.5 1 0
github.com/lightningnetwork/lnd/protofsm/state_machine.go:422.17,425.10 1 1
